Mono path[0] = 'D:/occart/Builds/OCC_AIGCC_Candidate_2026-10-02/OCC_Data/Managed'
Mono config path = 'D:/occart/Builds/OCC_AIGCC_Candidate_2026-10-02/MonoBleedingEdge/etc'
CodeReloadManager initialized
Input System module state changed to: Initialized.
[Physics::Module] Initialized fallback backend.
[Physics::Module] Id: 0xdecafbad
Initialize engine version: 6000.5.2f1 (eb73d3b415a1)
[Subsystems] Discovering subsystems at path D:/occart/Builds/OCC_AIGCC_Candidate_2026-10-02/OCC_Data/UnitySubsystems
[D3D12 Device Filter] Vendor Name: NVIDIA
[D3D12 Device Filter] Device Name: NVIDIA GeForce RTX 5070 Ti
[D3D12 Device Filter] Driver Version: 32.0.16.1664
[D3D12 Device Filter] Feature Level: 12.2
[D3D12 Device Filter] Graphics Memory: 15995 MB
[D3D12 Device Filter] Processor Count: 16
[D3D12 Device Filter] Device Type: Discrete
GfxDevice: creating device client; kGfxThreadingModeSplitJobs
d3d12: failed to query info queue interface (0x80004002).
Direct3D:
    Version:         Direct3D 12 [level 12.2]
    Renderer:        NVIDIA GeForce RTX 5070 Ti (ID=0x2c05)
    Vendor:          NVIDIA
    VRAM:            15995 MB
    App VRAM Budget: 15227 MB
    Driver:          32.0.16.1664
Begin MonoManager ReloadAssembly
- Finished resetting the current domain, in  0.024 seconds
[Physics::Module] Selected backend.
[Physics::Module] Name: PhysX
[Physics::Module] Id: 0xf2b8ea05
[Physics::Module] SDK Version: 4.1.2
[Physics::Module] Integration Version: 1.0.0
[Physics::Module] Threading Mode: Multi-Threaded
<RI> Initializing input.
Using Windows.Gaming.Input
The referenced script (OCC.Combat.Presentation.DeveloperConsolePanel) on this Behaviour is missing!
The referenced script on this Behaviour (Game Object '战斗管理器') is missing!
UnloadTime: 0.579600 ms
